cargo : error: could not find `Cargo.toml` in `F:\Shivam\imagine_cup\trace-sensing-engine` or any parent directory
At line:1 char:1
+ cargo test --lib 2>&1 | tee test_output.log
+ ~~~~~~~~~~~~~~~~~~~~~
    + CategoryInfo          : NotSpecified: (error: could no...arent directory:String) [], RemoteException
    + FullyQualifiedErrorId : NativeCommandError
 
